// Jest Snapshot v1, https://goo.gl/fbAQLP

exports[`renders the actions 1`] = `
<h1>
  user: chase
    
</h1>
`;
